// Jest Snapshot v1, https://jestjs.io/docs/snapshot-testing

exports[`Add Kanji Form component Snapshot 1`] = `
<div>
  <div
    class="addKanjiForm__form"
  >
    <form
      class="form"
      novalidate=""
    >
      <label
        class="addKanjiForm__form_field"
      >
        <span
          class="addKanjiForm__placeholder"
        >
          Выберите уровень:
        </span>
        <select
          class="addKanjiForm__lists"
          id="level"
          name="level"
        >
          <option
            value="N5"
          >
            N5
          </option>
          <option
            value="N4"
          >
            N4
          </option>
          <option
            value="N3"
          >
            N3
          </option>
          <option
            value="N2"
          >
            N2
          </option>
          <option
            value="N1"
          >
            N1
          </option>
        </select>
      </label>
      <span
        class="addKanjiForm__errors"
      />
      <label
        class="form__field"
      >
        <span
          class="input__placeholder"
        >
          Введите кандзи:
        </span>
        <input
          class="input"
          name="kanji"
          placeholder="日"
          required=""
          type="text"
          value=""
        />
        <span
          class="input__error"
        />
      </label>
      <label
        class="form__field"
      >
        <span
          class="input__placeholder"
        >
          Кунъёми:
        </span>
        <input
          class="input"
          name="jpRead"
          placeholder="ひ"
          required=""
          type="text"
          value=""
        />
        <span
          class="input__error"
        />
      </label>
      <label
        class="form__field"
      >
        <span
          class="input__placeholder"
        >
          Онъёми:
        </span>
        <input
          class="input"
          name="chinaRead"
          placeholder="ニチ"
          required=""
          type="text"
          value=""
        />
        <span
          class="input__error"
        />
      </label>
      <label
        class="form__field"
      >
        <span
          class="input__placeholder"
        >
          Перевод:
        </span>
        <input
          class="input"
          name="translate"
          placeholder="день, солнце"
          required=""
          type="text"
          value=""
        />
        <span
          class="input__error"
        />
      </label>
      <span
        class="addKanjiForm__success"
      />
      <button
        class="button  default"
        type="submit"
      >
        Добавить
      </button>
      <span
        class="addKanjiForm__errors"
      />
    </form>
  </div>
</div>
`;
