// Jest Snapshot v1, https://jestjs.io/docs/snapshot-testing

exports[`Add Kanji Form component Snapshot 1`] = `
<div>
  <form
    class="form"
    novalidate=""
  >
    <label
      class="form__field"
    >
      <span
        class="input__placeholder"
      >
        Введите кандзи:
      </span>
      <input
        class="input"
        name="kanji"
        placeholder="日"
        required=""
        type="text"
        value=""
      />
      <span
        class="input__error"
      />
    </label>
    <label
      class="form__field"
    >
      <span
        class="input__placeholder"
      >
        Кунъёми:
      </span>
      <input
        class="input"
        name="jpRead"
        placeholder="ひ"
        required=""
        type="text"
        value=""
      />
      <span
        class="input__error"
      />
    </label>
    <label
      class="form__field"
    >
      <span
        class="input__placeholder"
      >
        Онъёми:
      </span>
      <input
        class="input"
        name="chinaRead"
        placeholder="ニチ"
        required=""
        type="text"
        value=""
      />
      <span
        class="input__error"
      />
    </label>
    <label
      class="form__field"
    >
      <span
        class="input__placeholder"
      >
        Перевод:
      </span>
      <input
        class="input"
        name="translate"
        placeholder="день, солнце"
        required=""
        type="text"
        value=""
      />
      <span
        class="input__error"
      />
    </label>
    <span
      class="addkanjiform__errors"
    />
    <button
      class="button  default"
      type="submit"
    >
      Добавить
    </button>
  </form>
</div>
`;
