// Jest Snapshot v1, https://jestjs.io/docs/snapshot-testing

exports[`Faq component Snapshot 1`] = `
<div>
  <section
    class="faq"
  >
    <div
      class="faq__header"
    >
      <span
        class="faq__span"
      >
        FAQ
      </span>
      <h2
        class="faq__title"
        id="faq"
      >
        Всё, что важно знать о Memora
      </h2>
      <p
        class="faq__text faq__text_subtitle"
      >
        Ответы на вопросы об изучении, карточках и возможностях сервиса.
      </p>
    </div>
    <div
      class="faq__content"
    >
      <div
        class="accordion"
      >
        <button
          class="accordion__heading"
        >
          Что такое Memora?
          <div
            class="accordion__icon_type_open"
          />
        </button>
        <div
          class="accordion__content accordion__content_type_close"
        >
          <p
            class="faq__text faq__text_accordion"
          >
            Memora — это сервис с карточками для повторения изучаемого материала. Он помогает закреплять слова, иероглифы и другие элементы языка, которые вы уже изучаете с помощью учебников, курсов или самостоятельно.
          </p>
        </div>
      </div>
      <div
        class="accordion"
      >
        <button
          class="accordion__heading"
        >
          Какие языки доступны в Memora?
          <div
            class="accordion__icon_type_open"
          />
        </button>
        <div
          class="accordion__content accordion__content_type_close"
        >
          <p
            class="faq__text faq__text_accordion"
          >
            Сейчас в сервисе доступны японский, китайский и корейский языки. Вы можете работать с японскими кандзи, китайскими ханзи, корейским хангылем, словами и другими материалами.
          </p>
        </div>
      </div>
      <div
        class="accordion"
      >
        <button
          class="accordion__heading"
        >
          Нужно ли уже знать язык перед началом?
          <div
            class="accordion__icon_type_open"
          />
        </button>
        <div
          class="accordion__content accordion__content_type_close"
        >
          <p
            class="faq__text faq__text_accordion"
          >
            Нет строгих требований. Memora лучше всего подходит тем, кто уже изучает язык и хочет удобный инструмент для регулярного повторения изученного материала.
          </p>
        </div>
      </div>
      <div
        class="accordion"
      >
        <button
          class="accordion__heading"
        >
          Можно создавать свои наборы карточек?
          <div
            class="accordion__icon_type_open"
          />
        </button>
        <div
          class="accordion__content accordion__content_type_close"
        >
          <p
            class="faq__text faq__text_accordion"
          >
            Да. Вы можете добавлять собственные материалы и создавать наборы под свои цели: слова из учебников, курсов или личных заметок.
          </p>
        </div>
      </div>
      <div
        class="accordion"
      >
        <button
          class="accordion__heading"
        >
          Заменяет ли Memora учебники и языковые курсы?
          <div
            class="accordion__icon_type_open"
          />
        </button>
        <div
          class="accordion__content accordion__content_type_close"
        >
          <p
            class="faq__text faq__text_accordion"
          >
            Нет. Memora создан как дополнительный инструмент для практики. Он помогает повторять и закреплять материал, который вы изучаете другими способами.
          </p>
        </div>
      </div>
      <div
        class="accordion"
      >
        <button
          class="accordion__heading"
        >
          Нужно ли устанавливать приложение?
          <div
            class="accordion__icon_type_open"
          />
        </button>
        <div
          class="accordion__content accordion__content_type_close"
        >
          <p
            class="faq__text faq__text_accordion"
          >
            Нет. Memora работает прямо в браузере. Пользоваться сервисом можно с компьютера, планшета или телефона.
          </p>
        </div>
      </div>
      <div
        class="accordion"
      >
        <button
          class="accordion__heading"
        >
          Есть ли в Memora реклама?
          <div
            class="accordion__icon_type_open"
          />
        </button>
        <div
          class="accordion__content accordion__content_type_close"
        >
          <p
            class="faq__text faq__text_accordion"
          >
            Нет. Мы сделали сервис без отвлекающей рекламы, чтобы сосредоточиться на изучении и повторении материала.
          </p>
        </div>
      </div>
      <div
        class="accordion"
      >
        <button
          class="accordion__heading"
        >
          Есть ли платная подписка?
          <div
            class="accordion__icon_type_open"
          />
        </button>
        <div
          class="accordion__content accordion__content_type_close"
        >
          <p
            class="faq__text faq__text_accordion"
          >
            Да. Memora имеет бесплатный доступ к основным возможностям и расширенные функции по подписке. Мы стараемся сохранить удобный формат изучения для всех пользователей и постепенно развиваем дополнительные возможности сервиса.
          </p>
        </div>
      </div>
    </div>
  </section>
</div>
`;
