// Jest Snapshot v1, https://jestjs.io/docs/snapshot-testing

exports[`Faq component Snapshot 1`] = `
<div>
  <section
    class="faq"
  >
    <div
      class="faq__header"
    >
      <span
        class="faq__span"
      >
        FAQ
      </span>
      <h2
        class="faq__title"
        id="faq"
      >
        Часто задаваемые вопросы
      </h2>
      <p
        class="faq__text faq__text_subtitle"
      >
        Коротко о главном — всё, что важно знать перед стартом
      </p>
    </div>
    <div
      class="faq__content"
    >
      <div
        class="accordion"
      >
        <button
          class="accordion__heading"
        >
          Флеш-карточки подходят для начинающих?
          <div
            class="accordion__icon_type_open"
          />
        </button>
        <div
          class="accordion__content accordion__content_type_close"
        >
          <p
            class="faq__text faq__text_accordion"
          >
            Да, они созданы для всех. Формат простой: вы создаете карточки и закрепляете знания через повторение.
          </p>
        </div>
      </div>
      <div
        class="accordion"
      >
        <button
          class="accordion__heading"
        >
          Какие языки можно изучать с помощью карточек?
          <div
            class="accordion__icon_type_open"
          />
        </button>
        <div
          class="accordion__content accordion__content_type_close"
        >
          <p
            class="faq__text faq__text_accordion"
          >
            Карточки подходят для изучения японского, китайского, корейского и других языков. Вы можете добавлять любые слова, фразы, переводы и заметки.
          </p>
        </div>
      </div>
      <div
        class="accordion"
      >
        <button
          class="accordion__heading"
        >
          Как работает запоминание слов?
          <div
            class="accordion__icon_type_open"
          />
        </button>
        <div
          class="accordion__content accordion__content_type_close"
        >
          <p
            class="faq__text faq__text_accordion"
          >
            Система помогает регулярно возвращаться к материалу, чтобы слова не забывались. Повторение через определённые промежутки времени помогает лучше закреплять материал.
          </p>
        </div>
      </div>
      <div
        class="accordion"
      >
        <button
          class="accordion__heading"
        >
          Можно создавать свои карточки?
          <div
            class="accordion__icon_type_open"
          />
        </button>
        <div
          class="accordion__content accordion__content_type_close"
        >
          <p
            class="faq__text faq__text_accordion"
          >
            Да. Вы можете создавать собственные карточки под свои цели: новые слова, грамматику, выражения или любую другую информацию.
          </p>
        </div>
      </div>
      <div
        class="accordion"
      >
        <button
          class="accordion__heading"
        >
          Нужно ли устанавливать приложение?
          <div
            class="accordion__icon_type_open"
          />
        </button>
        <div
          class="accordion__content accordion__content_type_close"
        >
          <p
            class="faq__text faq__text_accordion"
          >
            Нет. Изучать материалы можно прямо в браузере с любого устройства: компьютера, планшета или телефона.
          </p>
        </div>
      </div>
      <div
        class="accordion"
      >
        <button
          class="accordion__heading"
        >
          Работает ли сервис без рекламы?
          <div
            class="accordion__icon_type_open"
          />
        </button>
        <div
          class="accordion__content accordion__content_type_close"
        >
          <p
            class="faq__text faq__text_accordion"
          >
            Да. Мы сделали упор на комфортное обучение без отвлекающих элементов и лишней рекламы.
          </p>
        </div>
      </div>
      <div
        class="accordion"
      >
        <button
          class="accordion__heading"
        >
          Подходит ли это для подготовки к экзаменам?
          <div
            class="accordion__icon_type_open"
          />
        </button>
        <div
          class="accordion__content accordion__content_type_close"
        >
          <p
            class="faq__text faq__text_accordion"
          >
            Да. Карточки можно использовать для запоминания слов, терминов, правил и другой информации, которая требует повторения.
          </p>
        </div>
      </div>
    </div>
  </section>
</div>
`;
