// Jest Snapshot v1, https://jestjs.io/docs/snapshot-testing

exports[`KanaPageComponent Snapshot 1`] = `
<div>
  <div
    class="kanaPageComponent"
  >
    <div
      class="kanaPageComponent__inner"
    >
      <div
        class="kanaPageComponent__cards"
      >
        <div>
          <div
            class="flashcard"
          >
            <div
              class="flashcard__card  "
            >
              <div
                class="flashcard__frontside "
              >
                <p
                  class="flashcard__text"
                >
                  い
                </p>
              </div>
              <div
                class="flashcard__backside flashcard__flipped"
              >
                <p
                  class="flashcard__text"
                >
                  i
                </p>
              </div>
            </div>
          </div>
        </div>
      </div>
      <div
        class="kanaPageComponent__cards_navigation"
      >
        <button
          class="button "
          type="button"
        >
          Назад
        </button>
        <button
          class="button "
          type="button"
        >
          Вперед
        </button>
      </div>
      <button
        class="button "
        type="button"
      >
        Выучил
      </button>
    </div>
  </div>
</div>
`;
