// Jest Snapshot v1, https://jestjs.io/docs/snapshot-testing

exports[`Navigation component Snapshot 1`] = `
<div>
  <nav
    class="navigation false"
  >
    <button
      class="navigation__button navigation__button_type_open"
      data-testid="menu-toggle"
      type="button"
    />
    <div
      class="navigation__content navigation__content_type_close"
    >
      <button
        class="button  default"
        type="button"
      >
        Войти
      </button>
      <button
        class="button  default"
        type="button"
      >
        Зарегистрироваться
      </button>
    </div>
  </nav>
</div>
`;
