// Jest Snapshot v1, https://jestjs.io/docs/snapshot-testing

exports[`Navigation component Snapshot 1`] = `
<div>
  <nav
    class="navigation"
  >
    <div
      class="navigation__content"
    >
      <button
        class="button  default"
        type="button"
      >
        Войти
      </button>
      <button
        class="button  default"
        type="button"
      >
        Регистрация
      </button>
    </div>
  </nav>
</div>
`;
